
There are no discarded input sections

Memory Configuration

Name             Origin             Length             Attributes
*default*        0x00000000         0xffffffff

Linker script and memory map

                0x00100000                        . = 0x100000

.text           0x00100000      0x4ce
 *(.multiboot)
 .multiboot     0x00100000        0xc /home/alyxandra/xfbu/build/shoeop.o
 *(.text)
 .text          0x0010000c       0x19 /home/alyxandra/xfbu/build/xfbu/c/./kernel.o
                0x0010000c                kernel_main
 .text          0x00100025       0x15 /home/alyxandra/xfbu/build/libkernel/./util/io_port_COM1.o
                0x00100025                io_port_COM1
 .text          0x0010003a       0x1d /home/alyxandra/xfbu/build/libkernel/./util/inb.o
                0x0010003a                inb
 .text          0x00100057       0x1b /home/alyxandra/xfbu/build/libkernel/./util/io_wait.o
                0x00100057                io_wait
 .text          0x00100072       0x1f /home/alyxandra/xfbu/build/libkernel/./util/outb.o
                0x00100072                outb
 .text          0x00100091       0x1f /home/alyxandra/xfbu/build/libkernel/./libc/stdio/putchar.o
                0x00100091                putchar
 .text          0x001000b0       0x40 /home/alyxandra/xfbu/build/libkernel/./libc/stdio/puts.o
                0x001000b0                puts
 .text          0x001000f0       0x36 /home/alyxandra/xfbu/build/libkernel/./libc/string/memcpy.o
                0x001000f0                memcpy
 .text          0x00100126       0x30 /home/alyxandra/xfbu/build/libkernel/./libc/string/memset.o
                0x00100126                memset
 .text          0x00100156       0x24 /home/alyxandra/xfbu/build/libkernel/./libc/string/strlen.o
                0x00100156                strlen
 .text          0x0010017a       0x7a /home/alyxandra/xfbu/build/libkernel/./libc/string/memmove.o
                0x0010017a                memmove
 .text          0x001001f4       0x5b /home/alyxandra/xfbu/build/libkernel/./libc/string/memcmp.o
                0x001001f4                memcmp
 .text          0x0010024f       0x24 /home/alyxandra/xfbu/build/libkernel/./libc/stdlib/abort.o
                0x00100256                abort
 .text          0x00100273       0x3c /home/alyxandra/xfbu/build/libkernel/./serial/fuzz_serial.o
                0x00100273                fuzz_serial
 .text          0x001002af        0x0 /home/alyxandra/xfbu/build/libkernel/./serial/BAUD_FALLBACK.o
 .text          0x001002af       0x6d /home/alyxandra/xfbu/build/libkernel/./serial/serial_tx.o
                0x001002af                serial_tx
 .text          0x0010031c      0x123 /home/alyxandra/xfbu/build/libkernel/./serial/init_serial.o
                0x0010031c                init_serial
 .text          0x0010043f        0x0 /home/alyxandra/xfbu/build/libkernel/./serial/serial_initialized.o
 .text          0x0010043f       0x80 /home/alyxandra/xfbu/build/libkernel/./serial/serial_rx.o
                0x0010043f                serial_rx
 *fill*         0x001004bf        0x1 
 .text          0x001004c0        0xe /home/alyxandra/xfbu/build/shoeop.o
                0x001004c0                _start

.iplt           0x001004ce        0x0
 .iplt          0x001004ce        0x0 /home/alyxandra/xfbu/build/xfbu/c/./kernel.o

.rodata         0x00101000       0x28
 *(.rodata)
 .rodata        0x00101000       0x15 /home/alyxandra/xfbu/build/xfbu/c/./kernel.o
 .rodata        0x00101015        0xe /home/alyxandra/xfbu/build/libkernel/./libc/stdlib/abort.o
 *fill*         0x00101023        0x1 
 .rodata        0x00101024        0x4 /home/alyxandra/xfbu/build/libkernel/./serial/BAUD_FALLBACK.o
                0x00101024                BAUD_FALLBACK

.rel.dyn        0x00101028        0x0
 .rel.got       0x00101028        0x0 /home/alyxandra/xfbu/build/xfbu/c/./kernel.o
 .rel.iplt      0x00101028        0x0 /home/alyxandra/xfbu/build/xfbu/c/./kernel.o

.data           0x00102000        0x0
 *(.data)
 .data          0x00102000        0x0 /home/alyxandra/xfbu/build/xfbu/c/./kernel.o
 .data          0x00102000        0x0 /home/alyxandra/xfbu/build/libkernel/./util/io_port_COM1.o
 .data          0x00102000        0x0 /home/alyxandra/xfbu/build/libkernel/./util/inb.o
 .data          0x00102000        0x0 /home/alyxandra/xfbu/build/libkernel/./util/io_wait.o
 .data          0x00102000        0x0 /home/alyxandra/xfbu/build/libkernel/./util/outb.o
 .data          0x00102000        0x0 /home/alyxandra/xfbu/build/libkernel/./libc/stdio/putchar.o
 .data          0x00102000        0x0 /home/alyxandra/xfbu/build/libkernel/./libc/stdio/puts.o
 .data          0x00102000        0x0 /home/alyxandra/xfbu/build/libkernel/./libc/string/memcpy.o
 .data          0x00102000        0x0 /home/alyxandra/xfbu/build/libkernel/./libc/string/memset.o
 .data          0x00102000        0x0 /home/alyxandra/xfbu/build/libkernel/./libc/string/strlen.o
 .data          0x00102000        0x0 /home/alyxandra/xfbu/build/libkernel/./libc/string/memmove.o
 .data          0x00102000        0x0 /home/alyxandra/xfbu/build/libkernel/./libc/string/memcmp.o
 .data          0x00102000        0x0 /home/alyxandra/xfbu/build/libkernel/./libc/stdlib/abort.o
 .data          0x00102000        0x0 /home/alyxandra/xfbu/build/libkernel/./serial/fuzz_serial.o
 .data          0x00102000        0x0 /home/alyxandra/xfbu/build/libkernel/./serial/BAUD_FALLBACK.o
 .data          0x00102000        0x0 /home/alyxandra/xfbu/build/libkernel/./serial/serial_tx.o
 .data          0x00102000        0x0 /home/alyxandra/xfbu/build/libkernel/./serial/init_serial.o
 .data          0x00102000        0x0 /home/alyxandra/xfbu/build/libkernel/./serial/serial_initialized.o
 .data          0x00102000        0x0 /home/alyxandra/xfbu/build/libkernel/./serial/serial_rx.o

.got            0x00101028        0x0
 .got           0x00101028        0x0 /home/alyxandra/xfbu/build/xfbu/c/./kernel.o

.got.plt        0x00101028        0x0
 .got.plt       0x00101028        0x0 /home/alyxandra/xfbu/build/xfbu/c/./kernel.o

.igot.plt       0x00101028        0x0
 .igot.plt      0x00101028        0x0 /home/alyxandra/xfbu/build/xfbu/c/./kernel.o

.bss            0x00102000     0x4010
 *(COMMON)
 *(.bss)
 .bss           0x00102000        0x0 /home/alyxandra/xfbu/build/xfbu/c/./kernel.o
 .bss           0x00102000        0x0 /home/alyxandra/xfbu/build/libkernel/./util/io_port_COM1.o
 .bss           0x00102000        0x0 /home/alyxandra/xfbu/build/libkernel/./util/inb.o
 .bss           0x00102000        0x0 /home/alyxandra/xfbu/build/libkernel/./util/io_wait.o
 .bss           0x00102000        0x0 /home/alyxandra/xfbu/build/libkernel/./util/outb.o
 .bss           0x00102000        0x0 /home/alyxandra/xfbu/build/libkernel/./libc/stdio/putchar.o
 .bss           0x00102000        0x0 /home/alyxandra/xfbu/build/libkernel/./libc/stdio/puts.o
 .bss           0x00102000        0x0 /home/alyxandra/xfbu/build/libkernel/./libc/string/memcpy.o
 .bss           0x00102000        0x0 /home/alyxandra/xfbu/build/libkernel/./libc/string/memset.o
 .bss           0x00102000        0x0 /home/alyxandra/xfbu/build/libkernel/./libc/string/strlen.o
 .bss           0x00102000        0x0 /home/alyxandra/xfbu/build/libkernel/./libc/string/memmove.o
 .bss           0x00102000        0x0 /home/alyxandra/xfbu/build/libkernel/./libc/string/memcmp.o
 .bss           0x00102000        0x0 /home/alyxandra/xfbu/build/libkernel/./libc/stdlib/abort.o
 .bss           0x00102000        0x0 /home/alyxandra/xfbu/build/libkernel/./serial/fuzz_serial.o
 .bss           0x00102000        0x0 /home/alyxandra/xfbu/build/libkernel/./serial/BAUD_FALLBACK.o
 .bss           0x00102000        0x0 /home/alyxandra/xfbu/build/libkernel/./serial/serial_tx.o
 .bss           0x00102000        0x0 /home/alyxandra/xfbu/build/libkernel/./serial/init_serial.o
 .bss           0x00102000        0x1 /home/alyxandra/xfbu/build/libkernel/./serial/serial_initialized.o
                0x00102000                serial_initialized
 .bss           0x00102001        0x0 /home/alyxandra/xfbu/build/libkernel/./serial/serial_rx.o
 *fill*         0x00102001        0xf 
 .bss           0x00102010     0x4000 /home/alyxandra/xfbu/build/shoeop.o
LOAD /home/alyxandra/xfbu/build/xfbu/c/./kernel.o
LOAD /home/alyxandra/xfbu/build/libkernel/./util/io_port_COM1.o
LOAD /home/alyxandra/xfbu/build/libkernel/./util/inb.o
LOAD /home/alyxandra/xfbu/build/libkernel/./util/io_wait.o
LOAD /home/alyxandra/xfbu/build/libkernel/./util/outb.o
LOAD /home/alyxandra/xfbu/build/libkernel/./libc/stdio/putchar.o
LOAD /home/alyxandra/xfbu/build/libkernel/./libc/stdio/puts.o
LOAD /home/alyxandra/xfbu/build/libkernel/./libc/string/memcpy.o
LOAD /home/alyxandra/xfbu/build/libkernel/./libc/string/memset.o
LOAD /home/alyxandra/xfbu/build/libkernel/./libc/string/strlen.o
LOAD /home/alyxandra/xfbu/build/libkernel/./libc/string/memmove.o
LOAD /home/alyxandra/xfbu/build/libkernel/./libc/string/memcmp.o
LOAD /home/alyxandra/xfbu/build/libkernel/./libc/stdlib/abort.o
LOAD /home/alyxandra/xfbu/build/libkernel/./serial/fuzz_serial.o
LOAD /home/alyxandra/xfbu/build/libkernel/./serial/BAUD_FALLBACK.o
LOAD /home/alyxandra/xfbu/build/libkernel/./serial/serial_tx.o
LOAD /home/alyxandra/xfbu/build/libkernel/./serial/init_serial.o
LOAD /home/alyxandra/xfbu/build/libkernel/./serial/serial_initialized.o
LOAD /home/alyxandra/xfbu/build/libkernel/./serial/serial_rx.o
LOAD /home/alyxandra/xfbu/build/shoeop.o
LOAD /home/alyxandra/opt/cross/lib/gcc/i686-elf/15.2.0/libgcc.a
OUTPUT(/home/alyxandra/xfbu/build/xfbu.bin elf32-i386)

.debug_info     0x00000000      0xcb2
 .debug_info    0x00000000       0x68 /home/alyxandra/xfbu/build/xfbu/c/./kernel.o
 .debug_info    0x00000068       0x92 /home/alyxandra/xfbu/build/libkernel/./util/io_port_COM1.o
 .debug_info    0x000000fa       0x9c /home/alyxandra/xfbu/build/libkernel/./util/inb.o
 .debug_info    0x00000196       0x90 /home/alyxandra/xfbu/build/libkernel/./util/io_wait.o
 .debug_info    0x00000226       0x98 /home/alyxandra/xfbu/build/libkernel/./util/outb.o
 .debug_info    0x000002be       0xa8 /home/alyxandra/xfbu/build/libkernel/./libc/stdio/putchar.o
 .debug_info    0x00000366       0x9a /home/alyxandra/xfbu/build/libkernel/./libc/stdio/puts.o
 .debug_info    0x00000400       0xc0 /home/alyxandra/xfbu/build/libkernel/./libc/string/memcpy.o
 .debug_info    0x000004c0       0xb2 /home/alyxandra/xfbu/build/libkernel/./libc/string/memset.o
 .debug_info    0x00000572       0x90 /home/alyxandra/xfbu/build/libkernel/./libc/string/strlen.o
 .debug_info    0x00000602       0xc0 /home/alyxandra/xfbu/build/libkernel/./libc/string/memmove.o
 .debug_info    0x000006c2       0xb7 /home/alyxandra/xfbu/build/libkernel/./libc/string/memcmp.o
 .debug_info    0x00000779       0x7a /home/alyxandra/xfbu/build/libkernel/./libc/stdlib/abort.o
 .debug_info    0x000007f3       0xbe /home/alyxandra/xfbu/build/libkernel/./serial/fuzz_serial.o
 .debug_info    0x000008b1       0x7b /home/alyxandra/xfbu/build/libkernel/./serial/BAUD_FALLBACK.o
 .debug_info    0x0000092c      0x111 /home/alyxandra/xfbu/build/libkernel/./serial/serial_tx.o
 .debug_info    0x00000a3d       0xeb /home/alyxandra/xfbu/build/libkernel/./serial/init_serial.o
 .debug_info    0x00000b28       0x6a /home/alyxandra/xfbu/build/libkernel/./serial/serial_initialized.o
 .debug_info    0x00000b92      0x120 /home/alyxandra/xfbu/build/libkernel/./serial/serial_rx.o

.debug_abbrev   0x00000000      0xa9f
 .debug_abbrev  0x00000000       0x71 /home/alyxandra/xfbu/build/xfbu/c/./kernel.o
 .debug_abbrev  0x00000071       0x77 /home/alyxandra/xfbu/build/libkernel/./util/io_port_COM1.o
 .debug_abbrev  0x000000e8       0x77 /home/alyxandra/xfbu/build/libkernel/./util/inb.o
 .debug_abbrev  0x0000015f       0x6f /home/alyxandra/xfbu/build/libkernel/./util/io_wait.o
 .debug_abbrev  0x000001ce       0x75 /home/alyxandra/xfbu/build/libkernel/./util/outb.o
 .debug_abbrev  0x00000243       0x92 /home/alyxandra/xfbu/build/libkernel/./libc/stdio/putchar.o
 .debug_abbrev  0x000002d5       0xa1 /home/alyxandra/xfbu/build/libkernel/./libc/stdio/puts.o
 .debug_abbrev  0x00000376       0x98 /home/alyxandra/xfbu/build/libkernel/./libc/string/memcpy.o
 .debug_abbrev  0x0000040e       0x92 /home/alyxandra/xfbu/build/libkernel/./libc/string/memset.o
 .debug_abbrev  0x000004a0       0x88 /home/alyxandra/xfbu/build/libkernel/./libc/string/strlen.o
 .debug_abbrev  0x00000528       0x98 /home/alyxandra/xfbu/build/libkernel/./libc/string/memmove.o
 .debug_abbrev  0x000005c0       0x92 /home/alyxandra/xfbu/build/libkernel/./libc/string/memcmp.o
 .debug_abbrev  0x00000652       0x8b /home/alyxandra/xfbu/build/libkernel/./libc/stdlib/abort.o
 .debug_abbrev  0x000006dd       0x8d /home/alyxandra/xfbu/build/libkernel/./serial/fuzz_serial.o
 .debug_abbrev  0x0000076a       0x5e /home/alyxandra/xfbu/build/libkernel/./serial/BAUD_FALLBACK.o
 .debug_abbrev  0x000007c8       0xd9 /home/alyxandra/xfbu/build/libkernel/./serial/serial_tx.o
 .debug_abbrev  0x000008a1       0xc1 /home/alyxandra/xfbu/build/libkernel/./serial/init_serial.o
 .debug_abbrev  0x00000962       0x48 /home/alyxandra/xfbu/build/libkernel/./serial/serial_initialized.o
 .debug_abbrev  0x000009aa       0xf5 /home/alyxandra/xfbu/build/libkernel/./serial/serial_rx.o

.debug_aranges  0x00000000      0x250
 .debug_aranges
                0x00000000       0x20 /home/alyxandra/xfbu/build/xfbu/c/./kernel.o
 .debug_aranges
                0x00000020       0x20 /home/alyxandra/xfbu/build/libkernel/./util/io_port_COM1.o
 .debug_aranges
                0x00000040       0x20 /home/alyxandra/xfbu/build/libkernel/./util/inb.o
 .debug_aranges
                0x00000060       0x20 /home/alyxandra/xfbu/build/libkernel/./util/io_wait.o
 .debug_aranges
                0x00000080       0x20 /home/alyxandra/xfbu/build/libkernel/./util/outb.o
 .debug_aranges
                0x000000a0       0x20 /home/alyxandra/xfbu/build/libkernel/./libc/stdio/putchar.o
 .debug_aranges
                0x000000c0       0x20 /home/alyxandra/xfbu/build/libkernel/./libc/stdio/puts.o
 .debug_aranges
                0x000000e0       0x20 /home/alyxandra/xfbu/build/libkernel/./libc/string/memcpy.o
 .debug_aranges
                0x00000100       0x20 /home/alyxandra/xfbu/build/libkernel/./libc/string/memset.o
 .debug_aranges
                0x00000120       0x20 /home/alyxandra/xfbu/build/libkernel/./libc/string/strlen.o
 .debug_aranges
                0x00000140       0x20 /home/alyxandra/xfbu/build/libkernel/./libc/string/memmove.o
 .debug_aranges
                0x00000160       0x20 /home/alyxandra/xfbu/build/libkernel/./libc/string/memcmp.o
 .debug_aranges
                0x00000180       0x20 /home/alyxandra/xfbu/build/libkernel/./libc/stdlib/abort.o
 .debug_aranges
                0x000001a0       0x20 /home/alyxandra/xfbu/build/libkernel/./serial/fuzz_serial.o
 .debug_aranges
                0x000001c0       0x18 /home/alyxandra/xfbu/build/libkernel/./serial/BAUD_FALLBACK.o
 .debug_aranges
                0x000001d8       0x20 /home/alyxandra/xfbu/build/libkernel/./serial/serial_tx.o
 .debug_aranges
                0x000001f8       0x20 /home/alyxandra/xfbu/build/libkernel/./serial/init_serial.o
 .debug_aranges
                0x00000218       0x18 /home/alyxandra/xfbu/build/libkernel/./serial/serial_initialized.o
 .debug_aranges
                0x00000230       0x20 /home/alyxandra/xfbu/build/libkernel/./serial/serial_rx.o

.debug_line     0x00000000      0x8ab
 .debug_line    0x00000000       0x54 /home/alyxandra/xfbu/build/xfbu/c/./kernel.o
 .debug_line    0x00000054       0x5b /home/alyxandra/xfbu/build/libkernel/./util/io_port_COM1.o
 .debug_line    0x000000af       0x5b /home/alyxandra/xfbu/build/libkernel/./util/inb.o
 .debug_line    0x0000010a       0x62 /home/alyxandra/xfbu/build/libkernel/./util/io_wait.o
 .debug_line    0x0000016c       0x59 /home/alyxandra/xfbu/build/libkernel/./util/outb.o
 .debug_line    0x000001c5       0x64 /home/alyxandra/xfbu/build/libkernel/./libc/stdio/putchar.o
 .debug_line    0x00000229       0x68 /home/alyxandra/xfbu/build/libkernel/./libc/stdio/puts.o
 .debug_line    0x00000291       0x83 /home/alyxandra/xfbu/build/libkernel/./libc/string/memcpy.o
 .debug_line    0x00000314       0x79 /home/alyxandra/xfbu/build/libkernel/./libc/string/memset.o
 .debug_line    0x0000038d       0x73 /home/alyxandra/xfbu/build/libkernel/./libc/string/strlen.o
 .debug_line    0x00000400       0xaa /home/alyxandra/xfbu/build/libkernel/./libc/string/memmove.o
 .debug_line    0x000004aa       0x9d /home/alyxandra/xfbu/build/libkernel/./libc/string/memcmp.o
 .debug_line    0x00000547       0x62 /home/alyxandra/xfbu/build/libkernel/./libc/stdlib/abort.o
 .debug_line    0x000005a9       0x73 /home/alyxandra/xfbu/build/libkernel/./serial/fuzz_serial.o
 .debug_line    0x0000061c       0x4c /home/alyxandra/xfbu/build/libkernel/./serial/BAUD_FALLBACK.o
 .debug_line    0x00000668       0x97 /home/alyxandra/xfbu/build/libkernel/./serial/serial_tx.o
 .debug_line    0x000006ff       0xb8 /home/alyxandra/xfbu/build/libkernel/./serial/init_serial.o
 .debug_line    0x000007b7       0x43 /home/alyxandra/xfbu/build/libkernel/./serial/serial_initialized.o
 .debug_line    0x000007fa       0xb1 /home/alyxandra/xfbu/build/libkernel/./serial/serial_rx.o

.debug_str      0x00000000      0x16a
 .debug_str     0x00000000      0x16a /home/alyxandra/xfbu/build/xfbu/c/./kernel.o
                                 0x61 (size before relaxing)
 .debug_str     0x0000016a        0x0 /home/alyxandra/xfbu/build/libkernel/./util/io_port_COM1.o
                                 0xa5 (size before relaxing)
 .debug_str     0x0000016a        0x0 /home/alyxandra/xfbu/build/libkernel/./util/inb.o
                                 0xa5 (size before relaxing)
 .debug_str     0x0000016a        0x0 /home/alyxandra/xfbu/build/libkernel/./util/io_wait.o
                                 0xad (size before relaxing)
 .debug_str     0x0000016a        0x0 /home/alyxandra/xfbu/build/libkernel/./util/outb.o
                                 0xaa (size before relaxing)
 .debug_str     0x0000016a        0x0 /home/alyxandra/xfbu/build/libkernel/./libc/stdio/putchar.o
                                 0xaf (size before relaxing)
 .debug_str     0x0000016a        0x0 /home/alyxandra/xfbu/build/libkernel/./libc/stdio/puts.o
                                 0x6b (size before relaxing)
 .debug_str     0x0000016a        0x0 /home/alyxandra/xfbu/build/libkernel/./libc/string/memcpy.o
                                 0x7e (size before relaxing)
 .debug_str     0x0000016a        0x0 /home/alyxandra/xfbu/build/libkernel/./libc/string/memset.o
                                 0x87 (size before relaxing)
 .debug_str     0x0000016a        0x0 /home/alyxandra/xfbu/build/libkernel/./libc/string/strlen.o
                                 0x7e (size before relaxing)
 .debug_str     0x0000016a        0x0 /home/alyxandra/xfbu/build/libkernel/./libc/string/memmove.o
                                 0x7f (size before relaxing)
 .debug_str     0x0000016a        0x0 /home/alyxandra/xfbu/build/libkernel/./libc/string/memcmp.o
                                 0x87 (size before relaxing)
 .debug_str     0x0000016a        0x0 /home/alyxandra/xfbu/build/libkernel/./libc/stdlib/abort.o
                                 0x64 (size before relaxing)
 .debug_str     0x0000016a        0x0 /home/alyxandra/xfbu/build/libkernel/./serial/fuzz_serial.o
                                 0xc1 (size before relaxing)
 .debug_str     0x0000016a        0x0 /home/alyxandra/xfbu/build/libkernel/./serial/BAUD_FALLBACK.o
                                 0xac (size before relaxing)
 .debug_str     0x0000016a        0x0 /home/alyxandra/xfbu/build/libkernel/./serial/serial_tx.o
                                 0xfd (size before relaxing)
 .debug_str     0x0000016a        0x0 /home/alyxandra/xfbu/build/libkernel/./serial/init_serial.o
                                 0xf2 (size before relaxing)
 .debug_str     0x0000016a        0x0 /home/alyxandra/xfbu/build/libkernel/./serial/serial_initialized.o
                                 0xa8 (size before relaxing)
 .debug_str     0x0000016a        0x0 /home/alyxandra/xfbu/build/libkernel/./serial/serial_rx.o
                                0x105 (size before relaxing)

.debug_line_str
                0x00000000      0x240
 .debug_line_str
                0x00000000      0x240 /home/alyxandra/xfbu/build/xfbu/c/./kernel.o
                                 0x7c (size before relaxing)
 .debug_line_str
                0x00000240        0x0 /home/alyxandra/xfbu/build/libkernel/./util/io_port_COM1.o
                                 0x98 (size before relaxing)
 .debug_line_str
                0x00000240        0x0 /home/alyxandra/xfbu/build/libkernel/./util/inb.o
                                 0x7d (size before relaxing)
 .debug_line_str
                0x00000240        0x0 /home/alyxandra/xfbu/build/libkernel/./util/io_wait.o
                                 0xa4 (size before relaxing)
 .debug_line_str
                0x00000240        0x0 /home/alyxandra/xfbu/build/libkernel/./util/outb.o
                                 0x80 (size before relaxing)
 .debug_line_str
                0x00000240        0x0 /home/alyxandra/xfbu/build/libkernel/./libc/stdio/putchar.o
                                 0xb2 (size before relaxing)
 .debug_line_str
                0x00000240        0x0 /home/alyxandra/xfbu/build/libkernel/./libc/stdio/puts.o
                                 0x8b (size before relaxing)
 .debug_line_str
                0x00000240        0x0 /home/alyxandra/xfbu/build/libkernel/./libc/string/memcpy.o
                                 0x94 (size before relaxing)
 .debug_line_str
                0x00000240        0x0 /home/alyxandra/xfbu/build/libkernel/./libc/string/memset.o
                                 0x94 (size before relaxing)
 .debug_line_str
                0x00000240        0x0 /home/alyxandra/xfbu/build/libkernel/./libc/string/strlen.o
                                 0x94 (size before relaxing)
 .debug_line_str
                0x00000240        0x0 /home/alyxandra/xfbu/build/libkernel/./libc/string/memmove.o
                                 0x97 (size before relaxing)
 .debug_line_str
                0x00000240        0x0 /home/alyxandra/xfbu/build/libkernel/./libc/string/memcmp.o
                                 0x94 (size before relaxing)
 .debug_line_str
                0x00000240        0x0 /home/alyxandra/xfbu/build/libkernel/./libc/stdlib/abort.o
                                 0x90 (size before relaxing)
 .debug_line_str
                0x00000240        0x0 /home/alyxandra/xfbu/build/libkernel/./serial/fuzz_serial.o
                                 0xb6 (size before relaxing)
 .debug_line_str
                0x00000240        0x0 /home/alyxandra/xfbu/build/libkernel/./serial/BAUD_FALLBACK.o
                                 0xbc (size before relaxing)
 .debug_line_str
                0x00000240        0x0 /home/alyxandra/xfbu/build/libkernel/./serial/serial_tx.o
                                 0xb7 (size before relaxing)
 .debug_line_str
                0x00000240        0x0 /home/alyxandra/xfbu/build/libkernel/./serial/init_serial.o
                                 0xbd (size before relaxing)
 .debug_line_str
                0x00000240        0x0 /home/alyxandra/xfbu/build/libkernel/./serial/serial_initialized.o
                                 0xb8 (size before relaxing)
 .debug_line_str
                0x00000240        0x0 /home/alyxandra/xfbu/build/libkernel/./serial/serial_rx.o
                                 0xb7 (size before relaxing)

.comment        0x00000000       0x12
 .comment       0x00000000       0x12 /home/alyxandra/xfbu/build/xfbu/c/./kernel.o
                                 0x13 (size before relaxing)
 .comment       0x00000012        0x0 /home/alyxandra/xfbu/build/libkernel/./util/io_port_COM1.o
                                 0x13 (size before relaxing)
 .comment       0x00000012        0x0 /home/alyxandra/xfbu/build/libkernel/./util/inb.o
                                 0x13 (size before relaxing)
 .comment       0x00000012        0x0 /home/alyxandra/xfbu/build/libkernel/./util/io_wait.o
                                 0x13 (size before relaxing)
 .comment       0x00000012        0x0 /home/alyxandra/xfbu/build/libkernel/./util/outb.o
                                 0x13 (size before relaxing)
 .comment       0x00000012        0x0 /home/alyxandra/xfbu/build/libkernel/./libc/stdio/putchar.o
                                 0x13 (size before relaxing)
 .comment       0x00000012        0x0 /home/alyxandra/xfbu/build/libkernel/./libc/stdio/puts.o
                                 0x13 (size before relaxing)
 .comment       0x00000012        0x0 /home/alyxandra/xfbu/build/libkernel/./libc/string/memcpy.o
                                 0x13 (size before relaxing)
 .comment       0x00000012        0x0 /home/alyxandra/xfbu/build/libkernel/./libc/string/memset.o
                                 0x13 (size before relaxing)
 .comment       0x00000012        0x0 /home/alyxandra/xfbu/build/libkernel/./libc/string/strlen.o
                                 0x13 (size before relaxing)
 .comment       0x00000012        0x0 /home/alyxandra/xfbu/build/libkernel/./libc/string/memmove.o
                                 0x13 (size before relaxing)
 .comment       0x00000012        0x0 /home/alyxandra/xfbu/build/libkernel/./libc/string/memcmp.o
                                 0x13 (size before relaxing)
 .comment       0x00000012        0x0 /home/alyxandra/xfbu/build/libkernel/./libc/stdlib/abort.o
                                 0x13 (size before relaxing)
 .comment       0x00000012        0x0 /home/alyxandra/xfbu/build/libkernel/./serial/fuzz_serial.o
                                 0x13 (size before relaxing)
 .comment       0x00000012        0x0 /home/alyxandra/xfbu/build/libkernel/./serial/BAUD_FALLBACK.o
                                 0x13 (size before relaxing)
 .comment       0x00000012        0x0 /home/alyxandra/xfbu/build/libkernel/./serial/serial_tx.o
                                 0x13 (size before relaxing)
 .comment       0x00000012        0x0 /home/alyxandra/xfbu/build/libkernel/./serial/init_serial.o
                                 0x13 (size before relaxing)
 .comment       0x00000012        0x0 /home/alyxandra/xfbu/build/libkernel/./serial/serial_initialized.o
                                 0x13 (size before relaxing)
 .comment       0x00000012        0x0 /home/alyxandra/xfbu/build/libkernel/./serial/serial_rx.o
                                 0x13 (size before relaxing)

.debug_frame    0x00000000      0x384
 .debug_frame   0x00000000       0x34 /home/alyxandra/xfbu/build/xfbu/c/./kernel.o
 .debug_frame   0x00000034       0x34 /home/alyxandra/xfbu/build/libkernel/./util/io_port_COM1.o
 .debug_frame   0x00000068       0x34 /home/alyxandra/xfbu/build/libkernel/./util/inb.o
 .debug_frame   0x0000009c       0x34 /home/alyxandra/xfbu/build/libkernel/./util/io_wait.o
 .debug_frame   0x000000d0       0x34 /home/alyxandra/xfbu/build/libkernel/./util/outb.o
 .debug_frame   0x00000104       0x34 /home/alyxandra/xfbu/build/libkernel/./libc/stdio/putchar.o
 .debug_frame   0x00000138       0x34 /home/alyxandra/xfbu/build/libkernel/./libc/stdio/puts.o
 .debug_frame   0x0000016c       0x34 /home/alyxandra/xfbu/build/libkernel/./libc/string/memcpy.o
 .debug_frame   0x000001a0       0x34 /home/alyxandra/xfbu/build/libkernel/./libc/string/memset.o
 .debug_frame   0x000001d4       0x34 /home/alyxandra/xfbu/build/libkernel/./libc/string/strlen.o
 .debug_frame   0x00000208       0x34 /home/alyxandra/xfbu/build/libkernel/./libc/string/memmove.o
 .debug_frame   0x0000023c       0x34 /home/alyxandra/xfbu/build/libkernel/./libc/string/memcmp.o
 .debug_frame   0x00000270       0x4c /home/alyxandra/xfbu/build/libkernel/./libc/stdlib/abort.o
 .debug_frame   0x000002bc       0x2c /home/alyxandra/xfbu/build/libkernel/./serial/fuzz_serial.o
 .debug_frame   0x000002e8       0x34 /home/alyxandra/xfbu/build/libkernel/./serial/serial_tx.o
 .debug_frame   0x0000031c       0x34 /home/alyxandra/xfbu/build/libkernel/./serial/init_serial.o
 .debug_frame   0x00000350       0x34 /home/alyxandra/xfbu/build/libkernel/./serial/serial_rx.o
