
There are no discarded input sections

Memory Configuration

Name             Origin             Length             Attributes
*default*        0x00000000         0xffffffff

Linker script and memory map

                0x00100000                        . = 0x100000

.text           0x00100000      0xc1c
 *(.multiboot)
 .multiboot     0x00100000        0xc /home/alyxandra/xfbu/build/shoeop/./asm/boot.o
 *(.text)
 .text          0x0010000c        0x6 /home/alyxandra/xfbu/build/xfbu/c/./kernel.o
                0x0010000c                __kernel_main
 *fill*         0x00100012        0xe 
 .text          0x00100020        0x2 /home/alyxandra/xfbu/build/libkernel/./asm/asm/asm_hlt.o
                0x00100020                __asm_hlt
 *fill*         0x00100022        0xe 
 .text          0x00100030        0x2 /home/alyxandra/xfbu/build/libkernel/./asm/asm/asm_cli.o
                0x00100030                __asm_cli
 .text          0x00100032       0x1b /home/alyxandra/xfbu/build/libkernel/./c/util/io_wait.o
                0x00100032                __io_wait
 .text          0x0010004d        0x0 /home/alyxandra/xfbu/build/libkernel/./c/version/xfbu_version.o
 .text          0x0010004d       0x1d /home/alyxandra/xfbu/build/libkernel/./c/asm/inb.o
                0x0010004d                __inb
 .text          0x0010006a       0x1f /home/alyxandra/xfbu/build/libkernel/./c/asm/outb.o
                0x0010006a                __outb
 .text          0x00100089       0x4e /home/alyxandra/xfbu/build/libkernel/./c/libc/stdio/print.o
                0x00100089                __print
 .text          0x001000d7       0x1f /home/alyxandra/xfbu/build/libkernel/./c/libc/stdio/putchar.o
                0x001000d7                __putchar
 .text          0x001000f6       0x4d /home/alyxandra/xfbu/build/libkernel/./c/libc/stdio/puts.o
                0x001000f6                __puts
 .text          0x00100143      0x1bc /home/alyxandra/xfbu/build/libkernel/./c/libc/stdio/printf.o
                0x00100143                __printf
 .text          0x001002ff       0x36 /home/alyxandra/xfbu/build/libkernel/./c/libc/string/memcpy.o
                0x001002ff                __memcpy
 .text          0x00100335       0x30 /home/alyxandra/xfbu/build/libkernel/./c/libc/string/memset.o
                0x00100335                __memset
 .text          0x00100365       0x24 /home/alyxandra/xfbu/build/libkernel/./c/libc/string/strlen.o
                0x00100365                __strlen
 .text          0x00100389       0x7a /home/alyxandra/xfbu/build/libkernel/./c/libc/string/memmove.o
                0x00100389                __memmove
 .text          0x00100403       0x5b /home/alyxandra/xfbu/build/libkernel/./c/libc/string/memcmp.o
                0x00100403                __memcmp
 .text          0x0010045e       0x1d /home/alyxandra/xfbu/build/libkernel/./c/libc/stdlib/abort.o
                0x0010045e                __abort
 .text          0x0010047b       0x3c /home/alyxandra/xfbu/build/libkernel/./c/serial/fuzz_serial.o
                0x0010047b                __fuzz_serial
 .text          0x001004b7        0x0 /home/alyxandra/xfbu/build/libkernel/./c/serial/baud_fallback.o
 .text          0x001004b7       0x6d /home/alyxandra/xfbu/build/libkernel/./c/serial/serial_tx.o
                0x001004b7                __serial_tx
 .text          0x00100524      0x123 /home/alyxandra/xfbu/build/libkernel/./c/serial/init_serial.o
                0x00100524                __init_serial
 .text          0x00100647        0x0 /home/alyxandra/xfbu/build/libkernel/./c/serial/serial_initialized.o
 .text          0x00100647       0x80 /home/alyxandra/xfbu/build/libkernel/./c/serial/serial_rx.o
                0x00100647                __serial_rx
 .text          0x001006c7       0x15 /home/alyxandra/xfbu/build/libkernel/./c/bda/com1_io_port.o
                0x001006c7                __com1_io_port
 .text          0x001006dc       0x7e /home/alyxandra/xfbu/build/libkernel/./c/shoeop/str_trim_leading_zeroes.o
                0x001006dc                __str_trim_leading_zeroes
 .text          0x0010075a       0xf4 /home/alyxandra/xfbu/build/libkernel/./c/hex/int_to_hex.o
                0x0010075a                __int_to_hex
 .text          0x0010084e       0x20 /home/alyxandra/xfbu/build/libkernel/./c/hex/leading_4bits_hex.o
                0x0010084e                __leading_4bits_hex
 .text          0x0010086e       0x20 /home/alyxandra/xfbu/build/libkernel/./c/hex/trailing_4bits_hex.o
                0x0010086e                __trailing_4bits_hex
 .text          0x0010088e       0x49 /home/alyxandra/xfbu/build/libkernel/./c/hex/byte_to_hex.o
                0x0010088e                __byte_to_hex
 .text          0x001008d7       0x8c /home/alyxandra/xfbu/build/libkernel/./c/hex/short_to_hex.o
                0x001008d7                __short_to_hex
 .text          0x00100963      0x190 /home/alyxandra/xfbu/build/libkernel/./c/hex/trailing_4bits_hex_rightshift.o
                0x00100963                __trailing_4bits_hex_rightshift
 *fill*         0x00100af3        0xd 
 .text          0x00100b00       0x58 /home/alyxandra/xfbu/build/shoeop/./asm/boot.o
                0x00100b00                __gdt_load
                0x00100b31                __xfbu_start
 .text          0x00100b58       0x4a /home/alyxandra/xfbu/build/shoeop/./c/xfbu_header_tx.o
                0x00100b58                __xfbu_header_tx
 .text          0x00100ba2       0x32 /home/alyxandra/xfbu/build/shoeop/./c/gdt_prints.o
                0x00100ba2                __gdt_preprint
                0x00100bbb                __gdt_postprint
 .text          0x00100bd4       0x48 /home/alyxandra/xfbu/build/shoeop/./c/multiboot_check.o
                0x00100bd4                __multiboot_check

.iplt           0x00100c1c        0x0
 .iplt          0x00100c1c        0x0 /home/alyxandra/xfbu/build/xfbu/c/./kernel.o

.rodata         0x00101000       0x93
 *(.rodata)
 .rodata        0x00101000        0x6 /home/alyxandra/xfbu/build/libkernel/./c/version/xfbu_version.o
 .rodata        0x00101006       0x1e /home/alyxandra/xfbu/build/libkernel/./c/libc/stdlib/abort.o
 .rodata        0x00101024        0x4 /home/alyxandra/xfbu/build/libkernel/./c/serial/baud_fallback.o
                0x00101024                __BAUD_FALLBACK
 .rodata        0x00101028       0x1f /home/alyxandra/xfbu/build/shoeop/./c/xfbu_header_tx.o
 .rodata        0x00101047       0x1d /home/alyxandra/xfbu/build/shoeop/./c/gdt_prints.o
 .rodata        0x00101064       0x2f /home/alyxandra/xfbu/build/shoeop/./c/multiboot_check.o

.rel.dyn        0x00101094        0x0
 .rel.got       0x00101094        0x0 /home/alyxandra/xfbu/build/xfbu/c/./kernel.o
 .rel.iplt      0x00101094        0x0 /home/alyxandra/xfbu/build/xfbu/c/./kernel.o

.data           0x00102000        0x4
 *(.data)
 .data          0x00102000        0x0 /home/alyxandra/xfbu/build/xfbu/c/./kernel.o
 .data          0x00102000        0x0 /home/alyxandra/xfbu/build/libkernel/./c/util/io_wait.o
 .data          0x00102000        0x4 /home/alyxandra/xfbu/build/libkernel/./c/version/xfbu_version.o
                0x00102000                __XFBU_VERSION
 .data          0x00102004        0x0 /home/alyxandra/xfbu/build/libkernel/./c/asm/inb.o
 .data          0x00102004        0x0 /home/alyxandra/xfbu/build/libkernel/./c/asm/outb.o
 .data          0x00102004        0x0 /home/alyxandra/xfbu/build/libkernel/./c/libc/stdio/print.o
 .data          0x00102004        0x0 /home/alyxandra/xfbu/build/libkernel/./c/libc/stdio/putchar.o
 .data          0x00102004        0x0 /home/alyxandra/xfbu/build/libkernel/./c/libc/stdio/puts.o
 .data          0x00102004        0x0 /home/alyxandra/xfbu/build/libkernel/./c/libc/stdio/printf.o
 .data          0x00102004        0x0 /home/alyxandra/xfbu/build/libkernel/./c/libc/string/memcpy.o
 .data          0x00102004        0x0 /home/alyxandra/xfbu/build/libkernel/./c/libc/string/memset.o
 .data          0x00102004        0x0 /home/alyxandra/xfbu/build/libkernel/./c/libc/string/strlen.o
 .data          0x00102004        0x0 /home/alyxandra/xfbu/build/libkernel/./c/libc/string/memmove.o
 .data          0x00102004        0x0 /home/alyxandra/xfbu/build/libkernel/./c/libc/string/memcmp.o
 .data          0x00102004        0x0 /home/alyxandra/xfbu/build/libkernel/./c/libc/stdlib/abort.o
 .data          0x00102004        0x0 /home/alyxandra/xfbu/build/libkernel/./c/serial/fuzz_serial.o
 .data          0x00102004        0x0 /home/alyxandra/xfbu/build/libkernel/./c/serial/baud_fallback.o
 .data          0x00102004        0x0 /home/alyxandra/xfbu/build/libkernel/./c/serial/serial_tx.o
 .data          0x00102004        0x0 /home/alyxandra/xfbu/build/libkernel/./c/serial/init_serial.o
 .data          0x00102004        0x0 /home/alyxandra/xfbu/build/libkernel/./c/serial/serial_initialized.o
 .data          0x00102004        0x0 /home/alyxandra/xfbu/build/libkernel/./c/serial/serial_rx.o
 .data          0x00102004        0x0 /home/alyxandra/xfbu/build/libkernel/./c/bda/com1_io_port.o
 .data          0x00102004        0x0 /home/alyxandra/xfbu/build/libkernel/./c/shoeop/str_trim_leading_zeroes.o
 .data          0x00102004        0x0 /home/alyxandra/xfbu/build/libkernel/./c/hex/int_to_hex.o
 .data          0x00102004        0x0 /home/alyxandra/xfbu/build/libkernel/./c/hex/leading_4bits_hex.o
 .data          0x00102004        0x0 /home/alyxandra/xfbu/build/libkernel/./c/hex/trailing_4bits_hex.o
 .data          0x00102004        0x0 /home/alyxandra/xfbu/build/libkernel/./c/hex/byte_to_hex.o
 .data          0x00102004        0x0 /home/alyxandra/xfbu/build/libkernel/./c/hex/short_to_hex.o
 .data          0x00102004        0x0 /home/alyxandra/xfbu/build/libkernel/./c/hex/trailing_4bits_hex_rightshift.o
 .data          0x00102004        0x0 /home/alyxandra/xfbu/build/shoeop/./c/xfbu_header_tx.o
 .data          0x00102004        0x0 /home/alyxandra/xfbu/build/shoeop/./c/gdt_prints.o
 .data          0x00102004        0x0 /home/alyxandra/xfbu/build/shoeop/./c/multiboot_check.o

.got            0x00102004        0x0
 .got           0x00102004        0x0 /home/alyxandra/xfbu/build/xfbu/c/./kernel.o

.got.plt        0x00102004        0x0
 .got.plt       0x00102004        0x0 /home/alyxandra/xfbu/build/xfbu/c/./kernel.o

.igot.plt       0x00102004        0x0
 .igot.plt      0x00102004        0x0 /home/alyxandra/xfbu/build/xfbu/c/./kernel.o

.bss            0x00103000     0x4010
 *(COMMON)
 *(.bss)
 .bss           0x00103000        0x0 /home/alyxandra/xfbu/build/xfbu/c/./kernel.o
 .bss           0x00103000        0x0 /home/alyxandra/xfbu/build/libkernel/./c/util/io_wait.o
 .bss           0x00103000        0x0 /home/alyxandra/xfbu/build/libkernel/./c/version/xfbu_version.o
 .bss           0x00103000        0x0 /home/alyxandra/xfbu/build/libkernel/./c/asm/inb.o
 .bss           0x00103000        0x0 /home/alyxandra/xfbu/build/libkernel/./c/asm/outb.o
 .bss           0x00103000        0x0 /home/alyxandra/xfbu/build/libkernel/./c/libc/stdio/print.o
 .bss           0x00103000        0x0 /home/alyxandra/xfbu/build/libkernel/./c/libc/stdio/putchar.o
 .bss           0x00103000        0x0 /home/alyxandra/xfbu/build/libkernel/./c/libc/stdio/puts.o
 .bss           0x00103000        0x0 /home/alyxandra/xfbu/build/libkernel/./c/libc/stdio/printf.o
 .bss           0x00103000        0x0 /home/alyxandra/xfbu/build/libkernel/./c/libc/string/memcpy.o
 .bss           0x00103000        0x0 /home/alyxandra/xfbu/build/libkernel/./c/libc/string/memset.o
 .bss           0x00103000        0x0 /home/alyxandra/xfbu/build/libkernel/./c/libc/string/strlen.o
 .bss           0x00103000        0x0 /home/alyxandra/xfbu/build/libkernel/./c/libc/string/memmove.o
 .bss           0x00103000        0x0 /home/alyxandra/xfbu/build/libkernel/./c/libc/string/memcmp.o
 .bss           0x00103000        0x0 /home/alyxandra/xfbu/build/libkernel/./c/libc/stdlib/abort.o
 .bss           0x00103000        0x0 /home/alyxandra/xfbu/build/libkernel/./c/serial/fuzz_serial.o
 .bss           0x00103000        0x0 /home/alyxandra/xfbu/build/libkernel/./c/serial/baud_fallback.o
 .bss           0x00103000        0x0 /home/alyxandra/xfbu/build/libkernel/./c/serial/serial_tx.o
 .bss           0x00103000        0x0 /home/alyxandra/xfbu/build/libkernel/./c/serial/init_serial.o
 .bss           0x00103000        0x1 /home/alyxandra/xfbu/build/libkernel/./c/serial/serial_initialized.o
                0x00103000                __serial_initialized
 .bss           0x00103001        0x0 /home/alyxandra/xfbu/build/libkernel/./c/serial/serial_rx.o
 .bss           0x00103001        0x0 /home/alyxandra/xfbu/build/libkernel/./c/bda/com1_io_port.o
 .bss           0x00103001        0x0 /home/alyxandra/xfbu/build/libkernel/./c/shoeop/str_trim_leading_zeroes.o
 .bss           0x00103001        0x0 /home/alyxandra/xfbu/build/libkernel/./c/hex/int_to_hex.o
 .bss           0x00103001        0x0 /home/alyxandra/xfbu/build/libkernel/./c/hex/leading_4bits_hex.o
 .bss           0x00103001        0x0 /home/alyxandra/xfbu/build/libkernel/./c/hex/trailing_4bits_hex.o
 .bss           0x00103001        0x0 /home/alyxandra/xfbu/build/libkernel/./c/hex/byte_to_hex.o
 .bss           0x00103001        0x0 /home/alyxandra/xfbu/build/libkernel/./c/hex/short_to_hex.o
 .bss           0x00103001        0x0 /home/alyxandra/xfbu/build/libkernel/./c/hex/trailing_4bits_hex_rightshift.o
 *fill*         0x00103001        0xf 
 .bss           0x00103010     0x4000 /home/alyxandra/xfbu/build/shoeop/./asm/boot.o
 .bss           0x00107010        0x0 /home/alyxandra/xfbu/build/shoeop/./c/xfbu_header_tx.o
 .bss           0x00107010        0x0 /home/alyxandra/xfbu/build/shoeop/./c/gdt_prints.o
 .bss           0x00107010        0x0 /home/alyxandra/xfbu/build/shoeop/./c/multiboot_check.o
LOAD /home/alyxandra/xfbu/build/xfbu/c/./kernel.o
LOAD /home/alyxandra/xfbu/build/libkernel/./asm/asm/asm_hlt.o
LOAD /home/alyxandra/xfbu/build/libkernel/./asm/asm/asm_cli.o
LOAD /home/alyxandra/xfbu/build/libkernel/./c/util/io_wait.o
LOAD /home/alyxandra/xfbu/build/libkernel/./c/version/xfbu_version.o
LOAD /home/alyxandra/xfbu/build/libkernel/./c/asm/inb.o
LOAD /home/alyxandra/xfbu/build/libkernel/./c/asm/outb.o
LOAD /home/alyxandra/xfbu/build/libkernel/./c/libc/stdio/print.o
LOAD /home/alyxandra/xfbu/build/libkernel/./c/libc/stdio/putchar.o
LOAD /home/alyxandra/xfbu/build/libkernel/./c/libc/stdio/puts.o
LOAD /home/alyxandra/xfbu/build/libkernel/./c/libc/stdio/printf.o
LOAD /home/alyxandra/xfbu/build/libkernel/./c/libc/string/memcpy.o
LOAD /home/alyxandra/xfbu/build/libkernel/./c/libc/string/memset.o
LOAD /home/alyxandra/xfbu/build/libkernel/./c/libc/string/strlen.o
LOAD /home/alyxandra/xfbu/build/libkernel/./c/libc/string/memmove.o
LOAD /home/alyxandra/xfbu/build/libkernel/./c/libc/string/memcmp.o
LOAD /home/alyxandra/xfbu/build/libkernel/./c/libc/stdlib/abort.o
LOAD /home/alyxandra/xfbu/build/libkernel/./c/serial/fuzz_serial.o
LOAD /home/alyxandra/xfbu/build/libkernel/./c/serial/baud_fallback.o
LOAD /home/alyxandra/xfbu/build/libkernel/./c/serial/serial_tx.o
LOAD /home/alyxandra/xfbu/build/libkernel/./c/serial/init_serial.o
LOAD /home/alyxandra/xfbu/build/libkernel/./c/serial/serial_initialized.o
LOAD /home/alyxandra/xfbu/build/libkernel/./c/serial/serial_rx.o
LOAD /home/alyxandra/xfbu/build/libkernel/./c/bda/com1_io_port.o
LOAD /home/alyxandra/xfbu/build/libkernel/./c/shoeop/str_trim_leading_zeroes.o
LOAD /home/alyxandra/xfbu/build/libkernel/./c/hex/int_to_hex.o
LOAD /home/alyxandra/xfbu/build/libkernel/./c/hex/leading_4bits_hex.o
LOAD /home/alyxandra/xfbu/build/libkernel/./c/hex/trailing_4bits_hex.o
LOAD /home/alyxandra/xfbu/build/libkernel/./c/hex/byte_to_hex.o
LOAD /home/alyxandra/xfbu/build/libkernel/./c/hex/short_to_hex.o
LOAD /home/alyxandra/xfbu/build/libkernel/./c/hex/trailing_4bits_hex_rightshift.o
LOAD /home/alyxandra/xfbu/build/shoeop/./asm/boot.o
LOAD /home/alyxandra/xfbu/build/shoeop/./c/xfbu_header_tx.o
LOAD /home/alyxandra/xfbu/build/shoeop/./c/gdt_prints.o
LOAD /home/alyxandra/xfbu/build/shoeop/./c/multiboot_check.o
LOAD /home/alyxandra/opt/cross/lib/gcc/i686-elf/15.2.0/libgcc.a
OUTPUT(/home/alyxandra/xfbu/build/xfbu.bin elf32-i386)

.debug_info     0x00000000     0x1787
 .debug_info    0x00000000       0x7f /home/alyxandra/xfbu/build/xfbu/c/./kernel.o
 .debug_info    0x0000007f       0x90 /home/alyxandra/xfbu/build/libkernel/./c/util/io_wait.o
 .debug_info    0x0000010f       0x4b /home/alyxandra/xfbu/build/libkernel/./c/version/xfbu_version.o
 .debug_info    0x0000015a       0x9c /home/alyxandra/xfbu/build/libkernel/./c/asm/inb.o
 .debug_info    0x000001f6       0x98 /home/alyxandra/xfbu/build/libkernel/./c/asm/outb.o
 .debug_info    0x0000028e       0xee /home/alyxandra/xfbu/build/libkernel/./c/libc/stdio/print.o
 .debug_info    0x0000037c       0xa8 /home/alyxandra/xfbu/build/libkernel/./c/libc/stdio/putchar.o
 .debug_info    0x00000424       0xaa /home/alyxandra/xfbu/build/libkernel/./c/libc/stdio/puts.o
 .debug_info    0x000004ce      0x14e /home/alyxandra/xfbu/build/libkernel/./c/libc/stdio/printf.o
 .debug_info    0x0000061c       0xcc /home/alyxandra/xfbu/build/libkernel/./c/libc/string/memcpy.o
 .debug_info    0x000006e8       0xbe /home/alyxandra/xfbu/build/libkernel/./c/libc/string/memset.o
 .debug_info    0x000007a6       0x9c /home/alyxandra/xfbu/build/libkernel/./c/libc/string/strlen.o
 .debug_info    0x00000842       0xcc /home/alyxandra/xfbu/build/libkernel/./c/libc/string/memmove.o
 .debug_info    0x0000090e       0xc3 /home/alyxandra/xfbu/build/libkernel/./c/libc/string/memcmp.o
 .debug_info    0x000009d1       0x99 /home/alyxandra/xfbu/build/libkernel/./c/libc/stdlib/abort.o
 .debug_info    0x00000a6a       0xbe /home/alyxandra/xfbu/build/libkernel/./c/serial/fuzz_serial.o
 .debug_info    0x00000b28       0x7b /home/alyxandra/xfbu/build/libkernel/./c/serial/baud_fallback.o
 .debug_info    0x00000ba3      0x111 /home/alyxandra/xfbu/build/libkernel/./c/serial/serial_tx.o
 .debug_info    0x00000cb4       0xeb /home/alyxandra/xfbu/build/libkernel/./c/serial/init_serial.o
 .debug_info    0x00000d9f       0x6a /home/alyxandra/xfbu/build/libkernel/./c/serial/serial_initialized.o
 .debug_info    0x00000e09      0x120 /home/alyxandra/xfbu/build/libkernel/./c/serial/serial_rx.o
 .debug_info    0x00000f29       0x92 /home/alyxandra/xfbu/build/libkernel/./c/bda/com1_io_port.o
 .debug_info    0x00000fbb       0xe1 /home/alyxandra/xfbu/build/libkernel/./c/shoeop/str_trim_leading_zeroes.o
 .debug_info    0x0000109c      0x101 /home/alyxandra/xfbu/build/libkernel/./c/hex/int_to_hex.o
 .debug_info    0x0000119d       0xa5 /home/alyxandra/xfbu/build/libkernel/./c/hex/leading_4bits_hex.o
 .debug_info    0x00001242       0xa5 /home/alyxandra/xfbu/build/libkernel/./c/hex/trailing_4bits_hex.o
 .debug_info    0x000012e7       0xc3 /home/alyxandra/xfbu/build/libkernel/./c/hex/byte_to_hex.o
 .debug_info    0x000013aa       0xe7 /home/alyxandra/xfbu/build/libkernel/./c/hex/short_to_hex.o
 .debug_info    0x00001491       0xac /home/alyxandra/xfbu/build/libkernel/./c/hex/trailing_4bits_hex_rightshift.o
 .debug_info    0x0000153d      0x10b /home/alyxandra/xfbu/build/shoeop/./c/xfbu_header_tx.o
 .debug_info    0x00001648       0x8a /home/alyxandra/xfbu/build/shoeop/./c/gdt_prints.o
 .debug_info    0x000016d2       0xb5 /home/alyxandra/xfbu/build/shoeop/./c/multiboot_check.o

.debug_abbrev   0x00000000     0x12bd
 .debug_abbrev  0x00000000       0x63 /home/alyxandra/xfbu/build/xfbu/c/./kernel.o
 .debug_abbrev  0x00000063       0x6f /home/alyxandra/xfbu/build/libkernel/./c/util/io_wait.o
 .debug_abbrev  0x000000d2       0x4d /home/alyxandra/xfbu/build/libkernel/./c/version/xfbu_version.o
 .debug_abbrev  0x0000011f       0x77 /home/alyxandra/xfbu/build/libkernel/./c/asm/inb.o
 .debug_abbrev  0x00000196       0x75 /home/alyxandra/xfbu/build/libkernel/./c/asm/outb.o
 .debug_abbrev  0x0000020b       0xc3 /home/alyxandra/xfbu/build/libkernel/./c/libc/stdio/print.o
 .debug_abbrev  0x000002ce       0x92 /home/alyxandra/xfbu/build/libkernel/./c/libc/stdio/putchar.o
 .debug_abbrev  0x00000360       0xa0 /home/alyxandra/xfbu/build/libkernel/./c/libc/stdio/puts.o
 .debug_abbrev  0x00000400       0xcd /home/alyxandra/xfbu/build/libkernel/./c/libc/stdio/printf.o
 .debug_abbrev  0x000004cd       0x98 /home/alyxandra/xfbu/build/libkernel/./c/libc/string/memcpy.o
 .debug_abbrev  0x00000565       0x92 /home/alyxandra/xfbu/build/libkernel/./c/libc/string/memset.o
 .debug_abbrev  0x000005f7       0x88 /home/alyxandra/xfbu/build/libkernel/./c/libc/string/strlen.o
 .debug_abbrev  0x0000067f       0x98 /home/alyxandra/xfbu/build/libkernel/./c/libc/string/memmove.o
 .debug_abbrev  0x00000717       0x92 /home/alyxandra/xfbu/build/libkernel/./c/libc/string/memcmp.o
 .debug_abbrev  0x000007a9       0x93 /home/alyxandra/xfbu/build/libkernel/./c/libc/stdlib/abort.o
 .debug_abbrev  0x0000083c       0x8d /home/alyxandra/xfbu/build/libkernel/./c/serial/fuzz_serial.o
 .debug_abbrev  0x000008c9       0x5e /home/alyxandra/xfbu/build/libkernel/./c/serial/baud_fallback.o
 .debug_abbrev  0x00000927       0xd9 /home/alyxandra/xfbu/build/libkernel/./c/serial/serial_tx.o
 .debug_abbrev  0x00000a00       0xc1 /home/alyxandra/xfbu/build/libkernel/./c/serial/init_serial.o
 .debug_abbrev  0x00000ac1       0x48 /home/alyxandra/xfbu/build/libkernel/./c/serial/serial_initialized.o
 .debug_abbrev  0x00000b09       0xf5 /home/alyxandra/xfbu/build/libkernel/./c/serial/serial_rx.o
 .debug_abbrev  0x00000bfe       0x77 /home/alyxandra/xfbu/build/libkernel/./c/bda/com1_io_port.o
 .debug_abbrev  0x00000c75       0xbf /home/alyxandra/xfbu/build/libkernel/./c/shoeop/str_trim_leading_zeroes.o
 .debug_abbrev  0x00000d34       0xa4 /home/alyxandra/xfbu/build/libkernel/./c/hex/int_to_hex.o
 .debug_abbrev  0x00000dd8       0x83 /home/alyxandra/xfbu/build/libkernel/./c/hex/leading_4bits_hex.o
 .debug_abbrev  0x00000e5b       0x83 /home/alyxandra/xfbu/build/libkernel/./c/hex/trailing_4bits_hex.o
 .debug_abbrev  0x00000ede       0x90 /home/alyxandra/xfbu/build/libkernel/./c/hex/byte_to_hex.o
 .debug_abbrev  0x00000f6e       0xa4 /home/alyxandra/xfbu/build/libkernel/./c/hex/short_to_hex.o
 .debug_abbrev  0x00001012       0x89 /home/alyxandra/xfbu/build/libkernel/./c/hex/trailing_4bits_hex_rightshift.o
 .debug_abbrev  0x0000109b       0xf0 /home/alyxandra/xfbu/build/shoeop/./c/xfbu_header_tx.o
 .debug_abbrev  0x0000118b       0x7f /home/alyxandra/xfbu/build/shoeop/./c/gdt_prints.o
 .debug_abbrev  0x0000120a       0xb3 /home/alyxandra/xfbu/build/shoeop/./c/multiboot_check.o

.debug_aranges  0x00000000      0x3e8
 .debug_aranges
                0x00000000       0x20 /home/alyxandra/xfbu/build/xfbu/c/./kernel.o
 .debug_aranges
                0x00000020       0x20 /home/alyxandra/xfbu/build/libkernel/./c/util/io_wait.o
 .debug_aranges
                0x00000040       0x18 /home/alyxandra/xfbu/build/libkernel/./c/version/xfbu_version.o
 .debug_aranges
                0x00000058       0x20 /home/alyxandra/xfbu/build/libkernel/./c/asm/inb.o
 .debug_aranges
                0x00000078       0x20 /home/alyxandra/xfbu/build/libkernel/./c/asm/outb.o
 .debug_aranges
                0x00000098       0x20 /home/alyxandra/xfbu/build/libkernel/./c/libc/stdio/print.o
 .debug_aranges
                0x000000b8       0x20 /home/alyxandra/xfbu/build/libkernel/./c/libc/stdio/putchar.o
 .debug_aranges
                0x000000d8       0x20 /home/alyxandra/xfbu/build/libkernel/./c/libc/stdio/puts.o
 .debug_aranges
                0x000000f8       0x20 /home/alyxandra/xfbu/build/libkernel/./c/libc/stdio/printf.o
 .debug_aranges
                0x00000118       0x20 /home/alyxandra/xfbu/build/libkernel/./c/libc/string/memcpy.o
 .debug_aranges
                0x00000138       0x20 /home/alyxandra/xfbu/build/libkernel/./c/libc/string/memset.o
 .debug_aranges
                0x00000158       0x20 /home/alyxandra/xfbu/build/libkernel/./c/libc/string/strlen.o
 .debug_aranges
                0x00000178       0x20 /home/alyxandra/xfbu/build/libkernel/./c/libc/string/memmove.o
 .debug_aranges
                0x00000198       0x20 /home/alyxandra/xfbu/build/libkernel/./c/libc/string/memcmp.o
 .debug_aranges
                0x000001b8       0x20 /home/alyxandra/xfbu/build/libkernel/./c/libc/stdlib/abort.o
 .debug_aranges
                0x000001d8       0x20 /home/alyxandra/xfbu/build/libkernel/./c/serial/fuzz_serial.o
 .debug_aranges
                0x000001f8       0x18 /home/alyxandra/xfbu/build/libkernel/./c/serial/baud_fallback.o
 .debug_aranges
                0x00000210       0x20 /home/alyxandra/xfbu/build/libkernel/./c/serial/serial_tx.o
 .debug_aranges
                0x00000230       0x20 /home/alyxandra/xfbu/build/libkernel/./c/serial/init_serial.o
 .debug_aranges
                0x00000250       0x18 /home/alyxandra/xfbu/build/libkernel/./c/serial/serial_initialized.o
 .debug_aranges
                0x00000268       0x20 /home/alyxandra/xfbu/build/libkernel/./c/serial/serial_rx.o
 .debug_aranges
                0x00000288       0x20 /home/alyxandra/xfbu/build/libkernel/./c/bda/com1_io_port.o
 .debug_aranges
                0x000002a8       0x20 /home/alyxandra/xfbu/build/libkernel/./c/shoeop/str_trim_leading_zeroes.o
 .debug_aranges
                0x000002c8       0x20 /home/alyxandra/xfbu/build/libkernel/./c/hex/int_to_hex.o
 .debug_aranges
                0x000002e8       0x20 /home/alyxandra/xfbu/build/libkernel/./c/hex/leading_4bits_hex.o
 .debug_aranges
                0x00000308       0x20 /home/alyxandra/xfbu/build/libkernel/./c/hex/trailing_4bits_hex.o
 .debug_aranges
                0x00000328       0x20 /home/alyxandra/xfbu/build/libkernel/./c/hex/byte_to_hex.o
 .debug_aranges
                0x00000348       0x20 /home/alyxandra/xfbu/build/libkernel/./c/hex/short_to_hex.o
 .debug_aranges
                0x00000368       0x20 /home/alyxandra/xfbu/build/libkernel/./c/hex/trailing_4bits_hex_rightshift.o
 .debug_aranges
                0x00000388       0x20 /home/alyxandra/xfbu/build/shoeop/./c/xfbu_header_tx.o
 .debug_aranges
                0x000003a8       0x20 /home/alyxandra/xfbu/build/shoeop/./c/gdt_prints.o
 .debug_aranges
                0x000003c8       0x20 /home/alyxandra/xfbu/build/shoeop/./c/multiboot_check.o

.debug_line     0x00000000     0x102b
 .debug_line    0x00000000       0x53 /home/alyxandra/xfbu/build/xfbu/c/./kernel.o
 .debug_line    0x00000053       0x62 /home/alyxandra/xfbu/build/libkernel/./c/util/io_wait.o
 .debug_line    0x000000b5       0x43 /home/alyxandra/xfbu/build/libkernel/./c/version/xfbu_version.o
 .debug_line    0x000000f8       0x5b /home/alyxandra/xfbu/build/libkernel/./c/asm/inb.o
 .debug_line    0x00000153       0x59 /home/alyxandra/xfbu/build/libkernel/./c/asm/outb.o
 .debug_line    0x000001ac       0x89 /home/alyxandra/xfbu/build/libkernel/./c/libc/stdio/print.o
 .debug_line    0x00000235       0x64 /home/alyxandra/xfbu/build/libkernel/./c/libc/stdio/putchar.o
 .debug_line    0x00000299       0x6d /home/alyxandra/xfbu/build/libkernel/./c/libc/stdio/puts.o
 .debug_line    0x00000306      0x143 /home/alyxandra/xfbu/build/libkernel/./c/libc/stdio/printf.o
 .debug_line    0x00000449       0x88 /home/alyxandra/xfbu/build/libkernel/./c/libc/string/memcpy.o
 .debug_line    0x000004d1       0x7e /home/alyxandra/xfbu/build/libkernel/./c/libc/string/memset.o
 .debug_line    0x0000054f       0x78 /home/alyxandra/xfbu/build/libkernel/./c/libc/string/strlen.o
 .debug_line    0x000005c7       0xaf /home/alyxandra/xfbu/build/libkernel/./c/libc/string/memmove.o
 .debug_line    0x00000676       0xa2 /home/alyxandra/xfbu/build/libkernel/./c/libc/string/memcmp.o
 .debug_line    0x00000718       0x62 /home/alyxandra/xfbu/build/libkernel/./c/libc/stdlib/abort.o
 .debug_line    0x0000077a       0x73 /home/alyxandra/xfbu/build/libkernel/./c/serial/fuzz_serial.o
 .debug_line    0x000007ed       0x4c /home/alyxandra/xfbu/build/libkernel/./c/serial/baud_fallback.o
 .debug_line    0x00000839       0x9c /home/alyxandra/xfbu/build/libkernel/./c/serial/serial_tx.o
 .debug_line    0x000008d5       0xbd /home/alyxandra/xfbu/build/libkernel/./c/serial/init_serial.o
 .debug_line    0x00000992       0x43 /home/alyxandra/xfbu/build/libkernel/./c/serial/serial_initialized.o
 .debug_line    0x000009d5       0xb6 /home/alyxandra/xfbu/build/libkernel/./c/serial/serial_rx.o
 .debug_line    0x00000a8b       0x5b /home/alyxandra/xfbu/build/libkernel/./c/bda/com1_io_port.o
 .debug_line    0x00000ae6       0xb0 /home/alyxandra/xfbu/build/libkernel/./c/shoeop/str_trim_leading_zeroes.o
 .debug_line    0x00000b96       0xf1 /home/alyxandra/xfbu/build/libkernel/./c/hex/int_to_hex.o
 .debug_line    0x00000c87       0x62 /home/alyxandra/xfbu/build/libkernel/./c/hex/leading_4bits_hex.o
 .debug_line    0x00000ce9       0x62 /home/alyxandra/xfbu/build/libkernel/./c/hex/trailing_4bits_hex.o
 .debug_line    0x00000d4b       0x7e /home/alyxandra/xfbu/build/libkernel/./c/hex/byte_to_hex.o
 .debug_line    0x00000dc9       0xa5 /home/alyxandra/xfbu/build/libkernel/./c/hex/short_to_hex.o
 .debug_line    0x00000e6e       0x75 /home/alyxandra/xfbu/build/libkernel/./c/hex/trailing_4bits_hex_rightshift.o
 .debug_line    0x00000ee3       0x80 /home/alyxandra/xfbu/build/shoeop/./c/xfbu_header_tx.o
 .debug_line    0x00000f63       0x5d /home/alyxandra/xfbu/build/shoeop/./c/gdt_prints.o
 .debug_line    0x00000fc0       0x6b /home/alyxandra/xfbu/build/shoeop/./c/multiboot_check.o

.debug_str      0x00000000      0x2cb
 .debug_str     0x00000000      0x2cb /home/alyxandra/xfbu/build/xfbu/c/./kernel.o
                                 0xaa (size before relaxing)
 .debug_str     0x000002cb        0x0 /home/alyxandra/xfbu/build/libkernel/./c/util/io_wait.o
                                 0xad (size before relaxing)
 .debug_str     0x000002cb        0x0 /home/alyxandra/xfbu/build/libkernel/./c/version/xfbu_version.o
                                 0x5d (size before relaxing)
 .debug_str     0x000002cb        0x0 /home/alyxandra/xfbu/build/libkernel/./c/asm/inb.o
                                 0xa5 (size before relaxing)
 .debug_str     0x000002cb        0x0 /home/alyxandra/xfbu/build/libkernel/./c/asm/outb.o
                                 0xaa (size before relaxing)
 .debug_str     0x000002cb        0x0 /home/alyxandra/xfbu/build/libkernel/./c/libc/stdio/print.o
                                 0xb2 (size before relaxing)
 .debug_str     0x000002cb        0x0 /home/alyxandra/xfbu/build/libkernel/./c/libc/stdio/putchar.o
                                 0xaf (size before relaxing)
 .debug_str     0x000002cb        0x0 /home/alyxandra/xfbu/build/libkernel/./c/libc/stdio/puts.o
                                 0x8b (size before relaxing)
 .debug_str     0x000002cb        0x0 /home/alyxandra/xfbu/build/libkernel/./c/libc/stdio/printf.o
                                 0xc8 (size before relaxing)
 .debug_str     0x000002cb        0x0 /home/alyxandra/xfbu/build/libkernel/./c/libc/string/memcpy.o
                                 0x85 (size before relaxing)
 .debug_str     0x000002cb        0x0 /home/alyxandra/xfbu/build/libkernel/./c/libc/string/memset.o
                                 0x8e (size before relaxing)
 .debug_str     0x000002cb        0x0 /home/alyxandra/xfbu/build/libkernel/./c/libc/string/strlen.o
                                 0x85 (size before relaxing)
 .debug_str     0x000002cb        0x0 /home/alyxandra/xfbu/build/libkernel/./c/libc/string/memmove.o
                                 0x86 (size before relaxing)
 .debug_str     0x000002cb        0x0 /home/alyxandra/xfbu/build/libkernel/./c/libc/string/memcmp.o
                                 0x8e (size before relaxing)
 .debug_str     0x000002cb        0x0 /home/alyxandra/xfbu/build/libkernel/./c/libc/stdlib/abort.o
                                 0xa9 (size before relaxing)
 .debug_str     0x000002cb        0x0 /home/alyxandra/xfbu/build/libkernel/./c/serial/fuzz_serial.o
                                 0xc1 (size before relaxing)
 .debug_str     0x000002cb        0x0 /home/alyxandra/xfbu/build/libkernel/./c/serial/baud_fallback.o
                                 0xac (size before relaxing)
 .debug_str     0x000002cb        0x0 /home/alyxandra/xfbu/build/libkernel/./c/serial/serial_tx.o
                                 0xfd (size before relaxing)
 .debug_str     0x000002cb        0x0 /home/alyxandra/xfbu/build/libkernel/./c/serial/init_serial.o
                                 0xf2 (size before relaxing)
 .debug_str     0x000002cb        0x0 /home/alyxandra/xfbu/build/libkernel/./c/serial/serial_initialized.o
                                 0xa8 (size before relaxing)
 .debug_str     0x000002cb        0x0 /home/alyxandra/xfbu/build/libkernel/./c/serial/serial_rx.o
                                0x105 (size before relaxing)
 .debug_str     0x000002cb        0x0 /home/alyxandra/xfbu/build/libkernel/./c/bda/com1_io_port.o
                                 0xae (size before relaxing)
 .debug_str     0x000002cb        0x0 /home/alyxandra/xfbu/build/libkernel/./c/shoeop/str_trim_leading_zeroes.o
                                 0xc6 (size before relaxing)
 .debug_str     0x000002cb        0x0 /home/alyxandra/xfbu/build/libkernel/./c/hex/int_to_hex.o
                                 0xf9 (size before relaxing)
 .debug_str     0x000002cb        0x0 /home/alyxandra/xfbu/build/libkernel/./c/hex/leading_4bits_hex.o
                                 0xcc (size before relaxing)
 .debug_str     0x000002cb        0x0 /home/alyxandra/xfbu/build/libkernel/./c/hex/trailing_4bits_hex.o
                                 0xcd (size before relaxing)
 .debug_str     0x000002cb        0x0 /home/alyxandra/xfbu/build/libkernel/./c/hex/byte_to_hex.o
                                 0xcd (size before relaxing)
 .debug_str     0x000002cb        0x0 /home/alyxandra/xfbu/build/libkernel/./c/hex/short_to_hex.o
                                 0xe8 (size before relaxing)
 .debug_str     0x000002cb        0x0 /home/alyxandra/xfbu/build/libkernel/./c/hex/trailing_4bits_hex_rightshift.o
                                 0xc0 (size before relaxing)
 .debug_str     0x000002cb        0x0 /home/alyxandra/xfbu/build/shoeop/./c/xfbu_header_tx.o
                                0x111 (size before relaxing)
 .debug_str     0x000002cb        0x0 /home/alyxandra/xfbu/build/shoeop/./c/gdt_prints.o
                                 0x92 (size before relaxing)
 .debug_str     0x000002cb        0x0 /home/alyxandra/xfbu/build/shoeop/./c/multiboot_check.o
                                 0xc0 (size before relaxing)

.debug_line_str
                0x00000000      0x42c
 .debug_line_str
                0x00000000      0x42c /home/alyxandra/xfbu/build/xfbu/c/./kernel.o
                                 0x7d (size before relaxing)
 .debug_line_str
                0x0000042c        0x0 /home/alyxandra/xfbu/build/libkernel/./c/util/io_wait.o
                                 0xa3 (size before relaxing)
 .debug_line_str
                0x0000042c        0x0 /home/alyxandra/xfbu/build/libkernel/./c/version/xfbu_version.o
                                 0xae (size before relaxing)
 .debug_line_str
                0x0000042c        0x0 /home/alyxandra/xfbu/build/libkernel/./c/asm/inb.o
                                 0x7b (size before relaxing)
 .debug_line_str
                0x0000042c        0x0 /home/alyxandra/xfbu/build/libkernel/./c/asm/outb.o
                                 0x7e (size before relaxing)
 .debug_line_str
                0x0000042c        0x0 /home/alyxandra/xfbu/build/libkernel/./c/libc/stdio/print.o
                                 0x9f (size before relaxing)
 .debug_line_str
                0x0000042c        0x0 /home/alyxandra/xfbu/build/libkernel/./c/libc/stdio/putchar.o
                                 0xb2 (size before relaxing)
 .debug_line_str
                0x0000042c        0x0 /home/alyxandra/xfbu/build/libkernel/./c/libc/stdio/puts.o
                                 0x8b (size before relaxing)
 .debug_line_str
                0x0000042c        0x0 /home/alyxandra/xfbu/build/libkernel/./c/libc/stdio/printf.o
                                 0xb4 (size before relaxing)
 .debug_line_str
                0x0000042c        0x0 /home/alyxandra/xfbu/build/libkernel/./c/libc/string/memcpy.o
                                 0x9c (size before relaxing)
 .debug_line_str
                0x0000042c        0x0 /home/alyxandra/xfbu/build/libkernel/./c/libc/string/memset.o
                                 0x9c (size before relaxing)
 .debug_line_str
                0x0000042c        0x0 /home/alyxandra/xfbu/build/libkernel/./c/libc/string/strlen.o
                                 0x9c (size before relaxing)
 .debug_line_str
                0x0000042c        0x0 /home/alyxandra/xfbu/build/libkernel/./c/libc/string/memmove.o
                                 0x9f (size before relaxing)
 .debug_line_str
                0x0000042c        0x0 /home/alyxandra/xfbu/build/libkernel/./c/libc/string/memcmp.o
                                 0x9c (size before relaxing)
 .debug_line_str
                0x0000042c        0x0 /home/alyxandra/xfbu/build/libkernel/./c/libc/stdlib/abort.o
                                 0xaa (size before relaxing)
 .debug_line_str
                0x0000042c        0x0 /home/alyxandra/xfbu/build/libkernel/./c/serial/fuzz_serial.o
                                 0xb6 (size before relaxing)
 .debug_line_str
                0x0000042c        0x0 /home/alyxandra/xfbu/build/libkernel/./c/serial/baud_fallback.o
                                 0xbc (size before relaxing)
 .debug_line_str
                0x0000042c        0x0 /home/alyxandra/xfbu/build/libkernel/./c/serial/serial_tx.o
                                 0xbc (size before relaxing)
 .debug_line_str
                0x0000042c        0x0 /home/alyxandra/xfbu/build/libkernel/./c/serial/init_serial.o
                                 0xc2 (size before relaxing)
 .debug_line_str
                0x0000042c        0x0 /home/alyxandra/xfbu/build/libkernel/./c/serial/serial_initialized.o
                                 0xb8 (size before relaxing)
 .debug_line_str
                0x0000042c        0x0 /home/alyxandra/xfbu/build/libkernel/./c/serial/serial_rx.o
                                 0xbc (size before relaxing)
 .debug_line_str
                0x0000042c        0x0 /home/alyxandra/xfbu/build/libkernel/./c/bda/com1_io_port.o
                                 0x96 (size before relaxing)
 .debug_line_str
                0x0000042c        0x0 /home/alyxandra/xfbu/build/libkernel/./c/shoeop/str_trim_leading_zeroes.o
                                 0xce (size before relaxing)
 .debug_line_str
                0x0000042c        0x0 /home/alyxandra/xfbu/build/libkernel/./c/hex/int_to_hex.o
                                 0xaa (size before relaxing)
 .debug_line_str
                0x0000042c        0x0 /home/alyxandra/xfbu/build/libkernel/./c/hex/leading_4bits_hex.o
                                 0xbf (size before relaxing)
 .debug_line_str
                0x0000042c        0x0 /home/alyxandra/xfbu/build/libkernel/./c/hex/trailing_4bits_hex.o
                                 0xc2 (size before relaxing)
 .debug_line_str
                0x0000042c        0x0 /home/alyxandra/xfbu/build/libkernel/./c/hex/byte_to_hex.o
                                 0xad (size before relaxing)
 .debug_line_str
                0x0000042c        0x0 /home/alyxandra/xfbu/build/libkernel/./c/hex/short_to_hex.o
                                 0xb0 (size before relaxing)
 .debug_line_str
                0x0000042c        0x0 /home/alyxandra/xfbu/build/libkernel/./c/hex/trailing_4bits_hex_rightshift.o
                                 0xc9 (size before relaxing)
 .debug_line_str
                0x0000042c        0x0 /home/alyxandra/xfbu/build/shoeop/./c/xfbu_header_tx.o
                                0x103 (size before relaxing)
 .debug_line_str
                0x0000042c        0x0 /home/alyxandra/xfbu/build/shoeop/./c/gdt_prints.o
                                 0x8c (size before relaxing)
 .debug_line_str
                0x0000042c        0x0 /home/alyxandra/xfbu/build/shoeop/./c/multiboot_check.o
                                 0xad (size before relaxing)

.comment        0x00000000       0x12
 .comment       0x00000000       0x12 /home/alyxandra/xfbu/build/xfbu/c/./kernel.o
                                 0x13 (size before relaxing)
 .comment       0x00000012        0x0 /home/alyxandra/xfbu/build/libkernel/./c/util/io_wait.o
                                 0x13 (size before relaxing)
 .comment       0x00000012        0x0 /home/alyxandra/xfbu/build/libkernel/./c/version/xfbu_version.o
                                 0x13 (size before relaxing)
 .comment       0x00000012        0x0 /home/alyxandra/xfbu/build/libkernel/./c/asm/inb.o
                                 0x13 (size before relaxing)
 .comment       0x00000012        0x0 /home/alyxandra/xfbu/build/libkernel/./c/asm/outb.o
                                 0x13 (size before relaxing)
 .comment       0x00000012        0x0 /home/alyxandra/xfbu/build/libkernel/./c/libc/stdio/print.o
                                 0x13 (size before relaxing)
 .comment       0x00000012        0x0 /home/alyxandra/xfbu/build/libkernel/./c/libc/stdio/putchar.o
                                 0x13 (size before relaxing)
 .comment       0x00000012        0x0 /home/alyxandra/xfbu/build/libkernel/./c/libc/stdio/puts.o
                                 0x13 (size before relaxing)
 .comment       0x00000012        0x0 /home/alyxandra/xfbu/build/libkernel/./c/libc/stdio/printf.o
                                 0x13 (size before relaxing)
 .comment       0x00000012        0x0 /home/alyxandra/xfbu/build/libkernel/./c/libc/string/memcpy.o
                                 0x13 (size before relaxing)
 .comment       0x00000012        0x0 /home/alyxandra/xfbu/build/libkernel/./c/libc/string/memset.o
                                 0x13 (size before relaxing)
 .comment       0x00000012        0x0 /home/alyxandra/xfbu/build/libkernel/./c/libc/string/strlen.o
                                 0x13 (size before relaxing)
 .comment       0x00000012        0x0 /home/alyxandra/xfbu/build/libkernel/./c/libc/string/memmove.o
                                 0x13 (size before relaxing)
 .comment       0x00000012        0x0 /home/alyxandra/xfbu/build/libkernel/./c/libc/string/memcmp.o
                                 0x13 (size before relaxing)
 .comment       0x00000012        0x0 /home/alyxandra/xfbu/build/libkernel/./c/libc/stdlib/abort.o
                                 0x13 (size before relaxing)
 .comment       0x00000012        0x0 /home/alyxandra/xfbu/build/libkernel/./c/serial/fuzz_serial.o
                                 0x13 (size before relaxing)
 .comment       0x00000012        0x0 /home/alyxandra/xfbu/build/libkernel/./c/serial/baud_fallback.o
                                 0x13 (size before relaxing)
 .comment       0x00000012        0x0 /home/alyxandra/xfbu/build/libkernel/./c/serial/serial_tx.o
                                 0x13 (size before relaxing)
 .comment       0x00000012        0x0 /home/alyxandra/xfbu/build/libkernel/./c/serial/init_serial.o
                                 0x13 (size before relaxing)
 .comment       0x00000012        0x0 /home/alyxandra/xfbu/build/libkernel/./c/serial/serial_initialized.o
                                 0x13 (size before relaxing)
 .comment       0x00000012        0x0 /home/alyxandra/xfbu/build/libkernel/./c/serial/serial_rx.o
                                 0x13 (size before relaxing)
 .comment       0x00000012        0x0 /home/alyxandra/xfbu/build/libkernel/./c/bda/com1_io_port.o
                                 0x13 (size before relaxing)
 .comment       0x00000012        0x0 /home/alyxandra/xfbu/build/libkernel/./c/shoeop/str_trim_leading_zeroes.o
                                 0x13 (size before relaxing)
 .comment       0x00000012        0x0 /home/alyxandra/xfbu/build/libkernel/./c/hex/int_to_hex.o
                                 0x13 (size before relaxing)
 .comment       0x00000012        0x0 /home/alyxandra/xfbu/build/libkernel/./c/hex/leading_4bits_hex.o
                                 0x13 (size before relaxing)
 .comment       0x00000012        0x0 /home/alyxandra/xfbu/build/libkernel/./c/hex/trailing_4bits_hex.o
                                 0x13 (size before relaxing)
 .comment       0x00000012        0x0 /home/alyxandra/xfbu/build/libkernel/./c/hex/byte_to_hex.o
                                 0x13 (size before relaxing)
 .comment       0x00000012        0x0 /home/alyxandra/xfbu/build/libkernel/./c/hex/short_to_hex.o
                                 0x13 (size before relaxing)
 .comment       0x00000012        0x0 /home/alyxandra/xfbu/build/libkernel/./c/hex/trailing_4bits_hex_rightshift.o
                                 0x13 (size before relaxing)
 .comment       0x00000012        0x0 /home/alyxandra/xfbu/build/shoeop/./c/xfbu_header_tx.o
                                 0x13 (size before relaxing)
 .comment       0x00000012        0x0 /home/alyxandra/xfbu/build/shoeop/./c/gdt_prints.o
                                 0x13 (size before relaxing)
 .comment       0x00000012        0x0 /home/alyxandra/xfbu/build/shoeop/./c/multiboot_check.o
                                 0x13 (size before relaxing)

.debug_frame    0x00000000      0x600
 .debug_frame   0x00000000       0x34 /home/alyxandra/xfbu/build/xfbu/c/./kernel.o
 .debug_frame   0x00000034       0x34 /home/alyxandra/xfbu/build/libkernel/./c/util/io_wait.o
 .debug_frame   0x00000068       0x34 /home/alyxandra/xfbu/build/libkernel/./c/asm/inb.o
 .debug_frame   0x0000009c       0x34 /home/alyxandra/xfbu/build/libkernel/./c/asm/outb.o
 .debug_frame   0x000000d0       0x34 /home/alyxandra/xfbu/build/libkernel/./c/libc/stdio/print.o
 .debug_frame   0x00000104       0x34 /home/alyxandra/xfbu/build/libkernel/./c/libc/stdio/putchar.o
 .debug_frame   0x00000138       0x34 /home/alyxandra/xfbu/build/libkernel/./c/libc/stdio/puts.o
 .debug_frame   0x0000016c       0x34 /home/alyxandra/xfbu/build/libkernel/./c/libc/stdio/printf.o
 .debug_frame   0x000001a0       0x34 /home/alyxandra/xfbu/build/libkernel/./c/libc/string/memcpy.o
 .debug_frame   0x000001d4       0x34 /home/alyxandra/xfbu/build/libkernel/./c/libc/string/memset.o
 .debug_frame   0x00000208       0x34 /home/alyxandra/xfbu/build/libkernel/./c/libc/string/strlen.o
 .debug_frame   0x0000023c       0x34 /home/alyxandra/xfbu/build/libkernel/./c/libc/string/memmove.o
 .debug_frame   0x00000270       0x34 /home/alyxandra/xfbu/build/libkernel/./c/libc/string/memcmp.o
 .debug_frame   0x000002a4       0x2c /home/alyxandra/xfbu/build/libkernel/./c/libc/stdlib/abort.o
 .debug_frame   0x000002d0       0x2c /home/alyxandra/xfbu/build/libkernel/./c/serial/fuzz_serial.o
 .debug_frame   0x000002fc       0x34 /home/alyxandra/xfbu/build/libkernel/./c/serial/serial_tx.o
 .debug_frame   0x00000330       0x34 /home/alyxandra/xfbu/build/libkernel/./c/serial/init_serial.o
 .debug_frame   0x00000364       0x34 /home/alyxandra/xfbu/build/libkernel/./c/serial/serial_rx.o
 .debug_frame   0x00000398       0x34 /home/alyxandra/xfbu/build/libkernel/./c/bda/com1_io_port.o
 .debug_frame   0x000003cc       0x34 /home/alyxandra/xfbu/build/libkernel/./c/shoeop/str_trim_leading_zeroes.o
 .debug_frame   0x00000400       0x38 /home/alyxandra/xfbu/build/libkernel/./c/hex/int_to_hex.o
 .debug_frame   0x00000438       0x34 /home/alyxandra/xfbu/build/libkernel/./c/hex/leading_4bits_hex.o
 .debug_frame   0x0000046c       0x34 /home/alyxandra/xfbu/build/libkernel/./c/hex/trailing_4bits_hex.o
 .debug_frame   0x000004a0       0x38 /home/alyxandra/xfbu/build/libkernel/./c/hex/byte_to_hex.o
 .debug_frame   0x000004d8       0x38 /home/alyxandra/xfbu/build/libkernel/./c/hex/short_to_hex.o
 .debug_frame   0x00000510       0x34 /home/alyxandra/xfbu/build/libkernel/./c/hex/trailing_4bits_hex_rightshift.o
 .debug_frame   0x00000544       0x34 /home/alyxandra/xfbu/build/shoeop/./c/xfbu_header_tx.o
 .debug_frame   0x00000578       0x54 /home/alyxandra/xfbu/build/shoeop/./c/gdt_prints.o
 .debug_frame   0x000005cc       0x34 /home/alyxandra/xfbu/build/shoeop/./c/multiboot_check.o
